// Vitest Snapshot v1, https://vitest.dev/guide/snapshot.html

exports[`Container > render component 1`] = `
<body>
  <div>
    <div
      class="_container_523845"
    >
      Some content
    </div>
  </div>
</body>
`;
